.\venv\Scripts\python.e
xe : Traceback (most 
recent call last):
At line:1 char:1
+ .\venv\Scripts\python
.exe test_gemini.py > 
test_output.txt 2>&1
+ ~~~~~~~~~~~~~~~~~~~~~
~~~~~~~~~~~~~~~~~~~~~~~
~~~~~~~~~~~~~~~~~~~
    + CategoryInfo     
         : 
NotSpecified: (Traceba 
   ck (most recent 
call las    
t)::String) [], 
RemoteEx    ception
    + 
FullyQualifiedErrorId  
   : NativeCommandError
 
  File "D:\Forcasting\s
martforecast-ai\backend
\test_gemini.py", line 
7, in <module>
    response = client.m
odels.generate_content(
               ^^^^^^^^
^^^^^^^^^^^^^^^^^^^^^^^
  File "D:\Forcasting\s
martforecast-ai\backend
\venv\Lib\site-packages
\google\genai\models.py
", line 5709, in 
generate_content
    response = 
self._generate_content(
               
^^^^^^^^^^^^^^^^^^^^^^^
  File "D:\Forcasting\s
martforecast-ai\backend
\venv\Lib\site-packages
\google\genai\models.py
", line 4371, in 
_generate_content
    response = self._ap
i_client.request(
               ^^^^^^^^
^^^^^^^^^^^^^^^^^
  File "D:\Forcasting\s
martforecast-ai\backend
\venv\Lib\site-packages
\google\genai\_api_clie
nt.py", line 1401, in 
request
    response = self._re
quest(http_request, 
http_options, 
stream=False)
               ^^^^^^^^
^^^^^^^^^^^^^^^^^^^^^^^
^^^^^^^^^^^^^^^^^^^^^^^
^
  File "D:\Forcasting\s
martforecast-ai\backend
\venv\Lib\site-packages
\google\genai\_api_clie
nt.py", line 1237, in 
_request
    return self._retry(
self._request_once, 
http_request, stream)  
# type: 
ignore[no-any-return]
           ^^^^^^^^^^^^
^^^^^^^^^^^^^^^^^^^^^^^
^^^^^^^^^^^^^^^^^^
  File "D:\Forcasting\s
martforecast-ai\backend
\venv\Lib\site-packages
\tenacity\__init__.py",
 line 470, in __call__
    do = self.iter(retr
y_state=retry_state)
         ^^^^^^^^^^^^^^
^^^^^^^^^^^^^^^^^^^^
  File "D:\Forcasting\s
martforecast-ai\backend
\venv\Lib\site-packages
\tenacity\__init__.py",
 line 371, in iter
    result = 
action(retry_state)
             
^^^^^^^^^^^^^^^^^^^
  File "D:\Forcasting\s
martforecast-ai\backend
\venv\Lib\site-packages
\tenacity\__init__.py",
 line 413, in exc_check
    raise 
retry_exc.reraise()
          
^^^^^^^^^^^^^^^^^^^
  File "D:\Forcasting\s
martforecast-ai\backend
\venv\Lib\site-packages
\tenacity\__init__.py",
 line 184, in reraise
    raise self.last_att
empt.result()
          ^^^^^^^^^^^^^
^^^^^^^^^^^^^
  File "C:\Users\SANJAY
\AppData\Local\Programs
\Python\Python311\Lib\c
oncurrent\futures\_base
.py", line 449, in 
result
    return 
self.__get_result()
           
^^^^^^^^^^^^^^^^^^^
  File "C:\Users\SANJAY
\AppData\Local\Programs
\Python\Python311\Lib\c
oncurrent\futures\_base
.py", line 401, in 
__get_result
    raise 
self._exception
  File "D:\Forcasting\s
martforecast-ai\backend
\venv\Lib\site-packages
\tenacity\__init__.py",
 line 473, in __call__
    result = fn(*args, 
**kwargs)
             
^^^^^^^^^^^^^^^^^^^
  File "D:\Forcasting\s
martforecast-ai\backend
\venv\Lib\site-packages
\google\genai\_api_clie
nt.py", line 1214, in 
_request_once
    errors.APIError.rai
se_for_response(respons
e)
  File "D:\Forcasting\s
martforecast-ai\backend
\venv\Lib\site-packages
\google\genai\errors.py
", line 134, in 
raise_for_response
    cls.raise_error(res
ponse.status_code, 
response_json, 
response)
  File "D:\Forcasting\s
martforecast-ai\backend
\venv\Lib\site-packages
\google\genai\errors.py
", line 159, in 
raise_error
    raise ClientError(s
tatus_code, 
response_json, 
response)
google.genai.errors.Cli
entError: 404 
NOT_FOUND. {'error': 
{'code': 404, 
'message': 'models/gemi
ni-2.5-flash-preview-04
-17 is not found for 
API version v1beta, or 
is not supported for 
generateContent. Call 
ListModels to see the 
list of available 
models and their 
supported methods.', 
'status': 'NOT_FOUND'}}
